Complete Blood Count (CBC) Test Report

Investigation Result Reference Value Unit

HEMOGLOBIN
Hemoglobin (Hb) 12.5 Low 13.0 - 17.0 g/dL

RBC COUNT  
Total RBC count 5.2 4.5 - 5.5 mill/cumm

BLOOD INDICES
Packed Cell Volume (PCV) 57.5 High 40 - 50 %
Mean Corpuscular Volume (MCV) 87.75 83 - 101 fL
MCH 27.2 27 - 32 pg
MCHC 32.8 32.5 - 34.5 g/dL
RDW 13.6 11.6 - 14.0 %

WBC COUNT
Total WBC count 9000 4000-11000 cumm

DIFFERENTIAL WBC COUNT
Neutrophils 60 50 - 62 %
Lymphocytes 31 20 - 40 %
Eosinophils 7 00 - 06 %
Monocytes 7 00 - 10 %
Basophils 1 00 - 02 %

PLATELET COUNT
Platelet Count 150000 Borderline 150000 - 410000 cumm

Blood Glucose: 95 mg/dL
Total Cholesterol: 180 mg/dL
HDL Cholesterol: 45 mg/dL
LDL Cholesterol: 120 mg/dL